// Jest Snapshot v1, https://goo.gl/fbAQLP

exports[`<Main/> should render the heading 1`] = `
.c0 {
  background-color: #06092b;
  color: #fff;
  width: 100%;
  height: 100%;
  text-align: center;
  -webkit-align-items: center;
  -webkit-box-align: center;
  -ms-flex-align: center;
  align-items: center;
  -webkit-box-pack: center;
  -webkit-justify-content: center;
  -ms-flex-pack: center;
  justify-content: center;
  padding: 3rem;
  display: -webkit-box;
  display: -webkit-flex;
  display: -ms-flexbox;
  display: flex;
  -webkit-flex-direction: column;
  -ms-flex-direction: column;
  flex-direction: column;
}

.c1 {
  width: 95px;
  height: 95px;
  background-color: #fff;
}

.c2 {
  width: 200px;
  height: 180px;
}

<main
  class="c0"
>
  <img
    alt="Imagem de um atomo e React avançado ao lado, de cores brancas e de fundo vermelho "
    class="c1"
    src="/images/home.svg"
  />
  <h1
    class="styles__Title-cLnMKw"
  >
    React Avançado
  </h1>
  <h2
    class="styles__Description-emvDpe"
  >
    Typescript, React, Nextjs, GraphQL
  </h2>
  <img
    class="c2"
    src="/images/foto.png"
  />
</main>
`;
